Name: fieldbundle	  Convention: customconvention2	  Purpose: custompurpose2	


