Name: MyArrayBundle	  Convention: customconvention2	  Purpose: custompurpose2	


