Name: cplcomp	  Convention: customconvention2	  Purpose: custompurpose2	


