Name: scicomp	  Convention: customconvention2	  Purpose: custompurpose2	


