Name: gridcomp	  Convention: customconvention2	  Purpose: custompurpose2	


