Name: field	  Convention: customconvention2	  Purpose: custompurpose2	

Custom1	Custom2	Custom3	
         	         	         	
