Name: state	  Convention: customconvention2	  Purpose: custompurpose2	


