Name: fieldbundle	  Convention: customconvention	  Purpose: custompurpose	


