Name: state	  Convention: customconvention	  Purpose: custompurpose	


