Name: cplcomp	  Convention: customconvention	  Purpose: custompurpose	


