Name: scicomp	  Convention: customconvention	  Purpose: custompurpose	


