Name: Array002	  Convention: customconvention	  Purpose: custompurpose	

Custom1	Custom2	Custom3	
