Name: gridcomp	  Convention: customconvention	  Purpose: custompurpose	


