Name: MyArrayBundle	  Convention: customconvention	  Purpose: custompurpose	


