Name: unnamed  0	  Convention: customconvention	  Purpose: custompurpose	

Custom1	Custom2	Custom3	
